asset/test.map
t asset/firsttry-Sheet.tga grass_middle -256.00 -64.00
t asset/firsttry-Sheet.tga grass_middle -240.00 -64.00
t asset/firsttry-Sheet.tga grass_middle -224.00 -64.00
t asset/firsttry-Sheet.tga grass_middle -208.00 -64.00
t asset/firsttry-Sheet.tga grass_middle -192.00 -64.00
t asset/firsttry-Sheet.tga grass_middle -176.00 -64.00
t asset/firsttry-Sheet.tga grass_middle -160.00 -64.00
t asset/firsttry-Sheet.tga grass_middle -272.00 -64.00
t asset/firsttry-Sheet.tga grass_middle -288.00 -64.00
t asset/firsttry-Sheet.tga grass_middle -304.00 -64.00
t asset/firsttry-Sheet.tga grass_middle -320.00 -64.00
t asset/firsttry-Sheet.tga grass_middle -336.00 -64.00
t asset/firsttry-Sheet.tga grass_middle -352.00 -64.00
t asset/firsttry-Sheet.tga grass_middle -368.00 -64.00
t asset/firsttry-Sheet.tga grass_middle -144.00 -64.00
t asset/firsttry-Sheet.tga grass_middle -128.00 -64.00
t asset/firsttry-Sheet.tga grass_middle -112.00 -64.00
t asset/firsttry-Sheet.tga grass_middle -96.00 -64.00
t asset/firsttry-Sheet.tga grass_middle -80.00 -64.00
t asset/firsttry-Sheet.tga grass_middle -64.00 -64.00
t asset/firsttry-Sheet.tga grass_middle -384.00 -64.00
t asset/firsttry-Sheet.tga grass_middle -400.00 -64.00
t asset/firsttry-Sheet.tga grass_middle -416.00 -64.00
t asset/firsttry-Sheet.tga grass_middle -432.00 -64.00
t asset/firsttry-Sheet.tga grass_middle -448.00 -64.00
t asset/firsttry-Sheet.tga grass_middle -464.00 -64.00
t asset/firsttry-Sheet.tga grass_middle -480.00 -64.00
t asset/firsttry-Sheet.tga grass_middle -48.00 -64.00
t asset/firsttry-Sheet.tga grass_middle -32.00 -64.00
t asset/firsttry-Sheet.tga grass_middle -16.00 -64.00
t asset/firsttry-Sheet.tga grass_middle 0.00 -64.00
t asset/firsttry-Sheet.tga grass_middle 16.00 -64.00
t asset/firsttry-Sheet.tga grass_middle 32.00 -64.00
t asset/firsttry-Sheet.tga grass_middle 48.00 -64.00
t asset/firsttry-Sheet.tga grass_middle 64.00 -64.00
t asset/firsttry-Sheet.tga grass_middle 80.00 -64.00
t asset/firsttry-Sheet.tga grass_middle 96.00 -64.00
t asset/firsttry-Sheet.tga grass_middle 112.00 -64.00
t asset/firsttry-Sheet.tga grass_middle 128.00 -64.00
t asset/firsttry-Sheet.tga grass_middle 144.00 -64.00
t asset/firsttry-Sheet.tga grass_middle 160.00 -64.00
t asset/firsttry-Sheet.tga grass_middle 176.00 -64.00
t asset/firsttry-Sheet.tga grass_middle 192.00 -64.00
t asset/firsttry-Sheet.tga grass_middle 208.00 -64.00
t asset/firsttry-Sheet.tga grass_left -496.00 -64.00
t asset/firsttry-Sheet.tga grass_middle 224.00 -64.00
t asset/firsttry-Sheet.tga grass_middle 240.00 -64.00
t asset/firsttry-Sheet.tga grass_middle 256.00 -64.00
t asset/firsttry-Sheet.tga grass_middle 272.00 -64.00
t asset/firsttry-Sheet.tga grass_middle 288.00 -64.00
t asset/firsttry-Sheet.tga grass_middle 304.00 -64.00
t asset/firsttry-Sheet.tga grass_middle 320.00 -64.00
t asset/firsttry-Sheet.tga brick 336.00 -64.00
t asset/firsttry-Sheet.tga brick 352.00 -64.00
t asset/firsttry-Sheet.tga brick 368.00 -64.00
t asset/firsttry-Sheet.tga brick 384.00 -64.00
t asset/firsttry-Sheet.tga brick 400.00 -64.00
t asset/firsttry-Sheet.tga brick 416.00 -64.00
t asset/firsttry-Sheet.tga brick 432.00 -64.00
t asset/wall_tiles.tga wall_double_two 416.00 -48.00
t asset/wall_tiles.tga wall_double_two 432.00 -48.00
t asset/wall_tiles.tga wall_single_one 416.00 -40.00
t asset/wall_tiles.tga wall_single_three 432.00 -40.00
t asset/wall_tiles.tga wall_double_one 432.00 -24.00
t asset/wall_tiles.tga middle_wall_contrast 432.00 -16.00
t asset/wall_tiles.tga middle_wall_contrast 432.00 0.00
t asset/wall_tiles.tga middle_wall_contrast 432.00 16.00
t asset/wall_tiles.tga middle_wall_contrast 432.00 32.00
t asset/wall_tiles.tga middle_wall_contrast 432.00 48.00
t asset/wall_tiles.tga middle_wall_contrast 432.00 64.00
t asset/wall_tiles.tga middle_wall_contrast 432.00 80.00
t asset/wall_tiles.tga middle_wall_contrast 432.00 96.00
t asset/wall_tiles.tga wall_double_one 416.00 80.00
t asset/wall_tiles.tga wall_single_three 400.00 80.00
t asset/wall_tiles.tga wall_double_one 384.00 80.00
t asset/tiles.tga middle_stone -32.00 64.00
t asset/tiles.tga middle_stone -16.00 64.00
t asset/tiles.tga middle_stone 0.00 64.00
t asset/tiles.tga middle_stone 16.00 64.00
t asset/tiles.tga middle_stone -48.00 64.00
t asset/tiles.tga middle_stone -64.00 64.00
t asset/tiles.tga middle_stone -80.00 64.00
t asset/tiles.tga right_stone 32.00 64.00
t asset/tiles.tga left_stone -96.00 64.00
t asset/wall_tiles.tga wall_double_one 304.00 16.00
t asset/wall_tiles.tga wall_double_one 320.00 16.00
t asset/firsttry-Sheet.tga brick -512.00 -64.00
t asset/firsttry-Sheet.tga brick -528.00 -64.00
t asset/firsttry-Sheet.tga brick -528.00 -48.00
t asset/firsttry-Sheet.tga brick -512.00 -48.00
t asset/firsttry-Sheet.tga brick -512.00 -32.00
t asset/firsttry-Sheet.tga brick -528.00 -32.00
t asset/firsttry-Sheet.tga brick -544.00 -48.00
t asset/firsttry-Sheet.tga brick -544.00 -64.00
t asset/firsttry-Sheet.tga brick -544.00 -32.00
t asset/wall_tiles.tga middle_wall_contrast -528.00 -16.00
t asset/wall_tiles.tga middle_wall_contrast -528.00 0.00
t asset/wall_tiles.tga middle_wall_contrast -528.00 16.00
t asset/wall_tiles.tga middle_wall_contrast -528.00 32.00
t asset/wall_tiles.tga middle_wall_contrast -528.00 48.00
t asset/wall_tiles.tga middle_wall_contrast -528.00 64.00
t asset/wall_tiles.tga middle_wall_contrast -528.00 80.00
t asset/wall_tiles.tga middle_wall_contrast -528.00 96.00
t asset/tiles.tga step_stone -432.00 -48.00
t asset/tiles.tga step_stone -448.00 -40.00
t asset/tiles.tga step_stone -464.00 -32.00
t asset/tiles.tga step_stone -480.00 -24.00
t asset/tiles.tga step_stone -496.00 -16.00
t asset/tiles.tga left_stone -432.00 48.00
t asset/tiles.tga middle_stone -416.00 48.00
t asset/tiles.tga middle_stone -400.00 48.00
t asset/tiles.tga middle_stone -384.00 48.00
t asset/tiles.tga middle_stone -368.00 48.00
t asset/tiles.tga middle_stone -352.00 48.00
t asset/tiles.tga right_stone -336.00 48.00
t asset/tiles.tga middle_stone 288.00 160.00
t asset/tiles.tga middle_stone 272.00 160.00
t asset/tiles.tga middle_stone 256.00 160.00
t asset/tiles.tga middle_stone 240.00 160.00
t asset/tiles.tga middle_stone 224.00 160.00
t asset/tiles.tga middle_stone 208.00 160.00
t asset/tiles.tga step_stone 192.00 168.00
t asset/tiles.tga step_stone 176.00 176.00
t asset/tiles.tga step_stone 160.00 184.00
t asset/tiles.tga step_stone 144.00 192.00
t asset/tiles.tga middle_stone 128.00 192.00
t asset/tiles.tga middle_stone 112.00 192.00
t asset/tiles.tga middle_stone 96.00 192.00
t asset/tiles.tga middle_stone 80.00 192.00
t asset/tiles.tga middle_stone 64.00 192.00
t asset/tiles.tga middle_stone 32.00 192.00
t asset/tiles.tga middle_stone 48.00 192.00
t asset/tiles.tga left_stone 16.00 192.00
t asset/tiles.tga right_stone 304.00 160.00
t asset/wall_tiles.tga wall_double_one 448.00 80.00
t asset/wall_tiles.tga wall_double_one 464.00 80.00
t asset/wall_tiles.tga middle_wall_contrast 448.00 96.00
t asset/wall_tiles.tga middle_wall_contrast 448.00 112.00
t asset/wall_tiles.tga middle_wall_contrast 448.00 128.00
t asset/wall_tiles.tga middle_wall_contrast 448.00 144.00
t asset/wall_tiles.tga middle_wall_contrast 448.00 176.00
t asset/wall_tiles.tga middle_wall_contrast 448.00 160.00
t asset/wall_tiles.tga top_wall_contrast 448.00 192.00
t asset/wall_tiles.tga wall_double_two 464.00 96.00
t asset/wall_tiles.tga wall_double_two 464.00 112.00
t asset/wall_tiles.tga wall_single_one 464.00 128.00
t asset/wall_tiles.tga wall_single_three 464.00 144.00
t asset/wall_tiles.tga wall_double_one 464.00 160.00
t asset/wall_tiles.tga middle_wall_contrast 448.00 176.00
t asset/wall_tiles.tga middle_wall_contrast 464.00 176.00
t asset/wall_tiles.tga top_wall_contrast 464.00 192.00
t asset/firsttry-Sheet.tga brick 480.00 192.00
t asset/firsttry-Sheet.tga brick 480.00 176.00
t asset/firsttry-Sheet.tga brick 496.00 176.00
t asset/firsttry-Sheet.tga brick 496.00 192.00
t asset/firsttry-Sheet.tga brick 512.00 192.00
t asset/firsttry-Sheet.tga brick 512.00 176.00
t asset/firsttry-Sheet.tga brick 496.00 208.00
t asset/firsttry-Sheet.tga brick 512.00 208.00
t asset/firsttry-Sheet.tga brick 480.00 208.00
t asset/firsttry-Sheet.tga brick 480.00 224.00
t asset/firsttry-Sheet.tga brick 496.00 224.00
t asset/firsttry-Sheet.tga brick 512.00 224.00
t asset/firsttry-Sheet.tga brick 480.00 160.00
t asset/firsttry-Sheet.tga brick 496.00 160.00
t asset/firsttry-Sheet.tga brick 512.00 160.00
t asset/firsttry-Sheet.tga brick 432.00 -80.00
t asset/firsttry-Sheet.tga brick 416.00 -80.00
t asset/firsttry-Sheet.tga brick 400.00 -80.00
t asset/firsttry-Sheet.tga brick 384.00 -80.00
t asset/firsttry-Sheet.tga brick 352.00 -80.00
t asset/firsttry-Sheet.tga brick 336.00 -80.00
t asset/firsttry-Sheet.tga brick 368.00 -80.00
t asset/wall_tiles.tga middle_wall_contrast -544.00 96.00
t asset/wall_tiles.tga middle_wall_contrast -544.00 112.00
t asset/wall_tiles.tga middle_wall_contrast -544.00 128.00
t asset/wall_tiles.tga middle_wall_contrast -544.00 144.00
t asset/wall_tiles.tga middle_wall_contrast -544.00 160.00
t asset/wall_tiles.tga middle_wall_contrast -544.00 176.00
t asset/wall_tiles.tga middle_wall_contrast -544.00 192.00
t asset/wall_tiles.tga middle_wall_contrast -544.00 208.00
t asset/wall_tiles.tga middle_wall_contrast -544.00 224.00
t asset/wall_tiles.tga middle_wall_contrast -544.00 240.00
t asset/wall_tiles.tga middle_wall_contrast -544.00 256.00
t asset/wall_tiles.tga middle_wall_contrast -544.00 272.00
t asset/wall_tiles.tga top_wall_contrast -544.00 288.00
t asset/tiles.tga middle_stone -496.00 128.00
t asset/tiles.tga middle_stone -480.00 128.00
t asset/tiles.tga middle_stone -464.00 128.00
t asset/tiles.tga right_stone -448.00 128.00
t asset/tiles.tga left_stone -512.00 128.00
g -24.00 -56.000000 944.00 16.00 0.00 0 4
g 432.00 -36.000000 32.00 24.00 0.00 0 4
g 440.00 44.000000 16.00 136.00 0.00 0 4
g 408.00 88.000000 48.00 16.00 0.00 0 4
g -24.00 68.500000 144.00 9.00 0.00 0 4
g 320.00 24.000000 32.00 16.00 0.00 0 4
g -424.00 -44.500000 16.00 7.00 0.00 32 4
g -440.00 -36.500000 16.00 7.00 0.00 32 4
g -456.00 -28.500000 16.00 7.00 0.00 32 4
g -472.00 -20.500000 16.00 7.00 0.00 32 4
g -488.00 -12.500000 16.00 7.00 0.00 32 4
g -488.00 -24.000000 16.00 16.00 0.00 0 4
g -472.00 -32.000000 16.00 16.00 0.00 0 4
g -456.00 -40.000000 16.00 16.00 0.00 0 4
g -440.00 -48.000000 16.00 16.00 0.00 0 4
g -520.00 -40.000000 48.00 48.00 0.00 0 4
g -520.00 48.000000 16.00 128.00 0.00 0 4
g -376.00 52.500000 112.00 9.00 0.00 0 4
g 264.00 164.500000 112.00 9.00 0.00 0 4
g 80.00 196.500000 128.00 9.00 0.00 0 4
g 200.00 171.500000 16.00 7.00 0.00 32 4
g 168.00 187.500000 16.00 7.00 0.00 32 4
g 152.00 195.500000 16.00 7.00 0.00 32 4
g 184.00 179.500000 16.00 7.00 0.00 32 4
g 200.00 160.000000 16.00 16.00 0.00 0 4
g 168.00 176.000000 16.00 16.00 0.00 0 4
g 184.00 168.000000 16.00 16.00 0.00 0 4
g 152.00 184.000000 16.00 16.00 0.00 0 4
g 464.00 144.000000 32.00 128.00 0.00 0 4
g 504.00 200.000000 48.00 80.00 0.00 0 4
g -536.00 200.000000 16.00 208.00 0.00 0 4
g -472.00 132.500000 80.00 9.00 0.00 0 4
s 72.00 -24.00 1
