asset/test.map
t asset/firsttry-Sheet.tga grass_middle 64.00 -16.00
t asset/firsttry-Sheet.tga grass_middle 48.00 -16.00
t asset/firsttry-Sheet.tga grass_middle 32.00 -16.00
t asset/firsttry-Sheet.tga grass_middle 16.00 -16.00
t asset/firsttry-Sheet.tga grass_middle 0.00 -16.00
t asset/firsttry-Sheet.tga grass_middle -16.00 -16.00
t asset/firsttry-Sheet.tga grass_middle -32.00 -16.00
t asset/firsttry-Sheet.tga grass_middle -48.00 -16.00
t asset/firsttry-Sheet.tga grass_middle -64.00 -16.00
t asset/firsttry-Sheet.tga grass_middle -80.00 -16.00
t asset/firsttry-Sheet.tga grass_middle -96.00 -16.00
t asset/firsttry-Sheet.tga grass_middle -112.00 -16.00
t asset/firsttry-Sheet.tga grass_middle -128.00 -16.00
t asset/firsttry-Sheet.tga grass_middle -144.00 -16.00
t asset/firsttry-Sheet.tga grass_middle 80.00 -16.00
t asset/firsttry-Sheet.tga grass_middle 112.00 -16.00
t asset/firsttry-Sheet.tga grass_middle 96.00 -16.00
t asset/firsttry-Sheet.tga grass_middle 128.00 -16.00
t asset/firsttry-Sheet.tga grass_middle 144.00 -16.00
t asset/firsttry-Sheet.tga grass_middle 160.00 -16.00
t asset/firsttry-Sheet.tga grass_middle 176.00 -16.00
t asset/firsttry-Sheet.tga grass_middle 192.00 -16.00
t asset/firsttry-Sheet.tga grass_middle 208.00 -16.00
t asset/firsttry-Sheet.tga grass_middle 224.00 -16.00
t asset/firsttry-Sheet.tga grass_middle 240.00 -16.00
t asset/firsttry-Sheet.tga grass_middle -160.00 -16.00
t asset/firsttry-Sheet.tga grass_middle -176.00 -16.00
t asset/firsttry-Sheet.tga grass_middle -192.00 -16.00
t asset/firsttry-Sheet.tga grass_middle -208.00 -16.00
t asset/firsttry-Sheet.tga grass_middle -224.00 -16.00
t asset/firsttry-Sheet.tga grass_middle -240.00 -16.00
t asset/firsttry-Sheet.tga grass_middle -256.00 -16.00
t asset/firsttry-Sheet.tga grass_middle -272.00 -16.00
t asset/firsttry-Sheet.tga grass_middle -288.00 -16.00
t asset/firsttry-Sheet.tga grass_middle -304.00 -16.00
t asset/firsttry-Sheet.tga grass_middle 256.00 -16.00
t asset/firsttry-Sheet.tga grass_middle 272.00 -16.00
t asset/firsttry-Sheet.tga grass_middle 288.00 -16.00
t asset/firsttry-Sheet.tga grass_middle 304.00 -16.00
t asset/firsttry-Sheet.tga grass_middle 320.00 -16.00
t asset/firsttry-Sheet.tga grass_middle 336.00 -16.00
t asset/firsttry-Sheet.tga grass_middle 352.00 -16.00
t asset/firsttry-Sheet.tga grass_middle 368.00 -16.00
t asset/firsttry-Sheet.tga grass_middle 384.00 -16.00
t asset/firsttry-Sheet.tga grass_middle 400.00 -16.00
t asset/firsttry-Sheet.tga grass_middle 416.00 -16.00
t asset/firsttry-Sheet.tga grass_middle 432.00 -16.00
t asset/firsttry-Sheet.tga grass_middle 448.00 -16.00
t asset/firsttry-Sheet.tga grass_middle 464.00 -16.00
t asset/firsttry-Sheet.tga grass_middle -320.00 -16.00
t asset/firsttry-Sheet.tga grass_middle -336.00 -16.00
t asset/firsttry-Sheet.tga grass_middle -352.00 -16.00
t asset/firsttry-Sheet.tga grass_middle -368.00 -16.00
t asset/firsttry-Sheet.tga grass_middle -384.00 -16.00
t asset/firsttry-Sheet.tga grass_middle -400.00 -16.00
t asset/firsttry-Sheet.tga grass_middle -416.00 -16.00
t asset/firsttry-Sheet.tga grass_middle -432.00 -16.00
t asset/firsttry-Sheet.tga grass_middle -448.00 -16.00
t asset/firsttry-Sheet.tga grass_middle -464.00 -16.00
t asset/firsttry-Sheet.tga grass_middle -480.00 -16.00
t asset/firsttry-Sheet.tga brick -128.00 48.00
t asset/firsttry-Sheet.tga brick -144.00 48.00
t asset/firsttry-Sheet.tga brick -160.00 48.00
t asset/firsttry-Sheet.tga brick -176.00 48.00
t asset/firsttry-Sheet.tga brick -192.00 48.00
t asset/firsttry-Sheet.tga brick -208.00 48.00
t asset/firsttry-Sheet.tga brick -224.00 48.00
t asset/firsttry-Sheet.tga brick -272.00 96.00
t asset/firsttry-Sheet.tga brick -288.00 96.00
t asset/firsttry-Sheet.tga brick -304.00 96.00
t asset/firsttry-Sheet.tga brick -320.00 96.00
t asset/firsttry-Sheet.tga brick -336.00 96.00
t asset/firsttry-Sheet.tga brick -352.00 96.00
t asset/firsttry-Sheet.tga brick 96.00 32.00
t asset/firsttry-Sheet.tga brick 112.00 32.00
t asset/firsttry-Sheet.tga brick 128.00 32.00
t asset/firsttry-Sheet.tga brick 144.00 32.00
g 0.00 -8.000000 1920.00 16.00
g -120.00 56.000000 16.00 16.00
g -136.00 56.000000 16.00 16.00
g -152.00 56.000000 16.00 16.00
g -168.00 56.000000 16.00 16.00
g -184.00 56.000000 16.00 16.00
g -200.00 56.000000 16.00 16.00
g -216.00 56.000000 16.00 16.00
g -264.00 104.000000 16.00 16.00
g -280.00 104.000000 16.00 16.00
g -296.00 104.000000 16.00 16.00
g -312.00 104.000000 16.00 16.00
g -328.00 104.000000 16.00 16.00
g -344.00 104.000000 16.00 16.00
g 104.00 40.000000 16.00 16.00
g 120.00 40.000000 16.00 16.00
g 136.00 40.000000 16.00 16.00
g 152.00 40.000000 16.00 16.00
